schema {
  query: ObjectType
}

type ObjectType {
  "Translated"
  myField: TranslatedResourceOfDummyValues! @translatable(resourceKeyPrefix: "prefix", toCodeLabelItem: true) @translateDummyValues(language: NOTSET)
}

type TranslatedResourceOfDummyValues {
  key: DummyValues!
  label: String!
}

enum DummyValues {
  FOO
  BAR
  BAZ
  QUX
}

enum TranslatableLanguage {
  NOTSET
  DE
  FR
  IT
  EN
}

directive @translatable(resourceKeyPrefix: String! toCodeLabelItem: Boolean!) on FIELD_DEFINITION

directive @translateDummyValues(language: TranslatableLanguage) on FIELD | FIELD_DEFINITION

"The `Boolean` scalar type represents `true` or `false`."
scalar Boolean

"The `String` scalar type represents textual data, represented as UTF-8 character sequences. The String type is most often used by GraphQL to represent free-form human-readable text."
scalar String
