schema {
  query: ObjectType
}

type ObjectType {
  myField: TranslatedResourceOfDummyValues! @translateDummyValues(resourceKeyPrefix: "prefix", toCodeLabelItem: true)
}

type TranslatedResourceOfDummyValues {
  key: DummyValues!
  label: String!
}

enum DummyValues {
  FOO
  BAR
  BAZ
  QUX
}

directive @translateDummyValues(resourceKeyPrefix: String! toCodeLabelItem: Boolean!) on FIELD_DEFINITION
