{
  "Label": null,
  "Path": null,
  "Data": {
    "myField": [
      {
        "key": "foo",
        "label": "rms:prefix/foo_English"
      },
      {
        "key": "bar",
        "label": "rms:prefix/bar_English"
      },
      {
        "key": "baz",
        "label": "rms:prefix/baz_English"
      }
    ]
  },
  "Errors": null,
  "Extensions": null,
  "ContextData": null,
  "HasNext": null
}
