{
  "Kind": "SingleResult",
  "RequestIndex": null,
  "VariableIndex": null,
  "Label": null,
  "Path": null,
  "Data": {
    "myField": [
      {
        "key": "FOO",
        "label": "rms:prefix/Foo_Italian"
      },
      {
        "key": "QUX",
        "label": "rms:prefix/Qux_Italian"
      }
    ]
  },
  "Items": null,
  "Errors": null,
  "Extensions": null,
  "Incremental": null,
  "ContextData": null,
  "HasNext": null,
  "IsDataSet": true
}
