{
  "Kind": "SingleResult",
  "Label": null,
  "Path": null,
  "Data": {
    "myField": [
      "rms:prefix/foo_German",
      "rms:prefix/bar_German",
      "rms:prefix/baz_German"
    ]
  },
  "Items": null,
  "Errors": null,
  "Extensions": null,
  "Incremental": null,
  "ContextData": null,
  "HasNext": null
}
