{
  "Label": null,
  "Path": null,
  "Data": {
    "myField": [
      {
        "key": "FOO",
        "label": "rms:prefix/Foo_de"
      },
      {
        "key": "QUX",
        "label": "rms:prefix/Qux_de"
      }
    ]
  },
  "Errors": null,
  "Extensions": null,
  "ContextData": null,
  "HasNext": null
}
