{
  "Kind": "SingleResult",
  "Label": null,
  "Path": null,
  "Data": {
    "myField": [
      {
        "key": "foo",
        "label": "rms:prefix/foo_Italian"
      },
      {
        "key": "bar",
        "label": "rms:prefix/bar_Italian"
      },
      {
        "key": "baz",
        "label": "rms:prefix/baz_Italian"
      }
    ]
  },
  "Items": null,
  "Errors": null,
  "Extensions": null,
  "Incremental": null,
  "ContextData": null,
  "HasNext": null
}
