schema {
  query: ObjectType
}

type ObjectType {
  myField: [TranslatedResource!]! @translate(resourceKeyPrefix: "prefix", toCodeLabelItem: true)
}

type TranslatedResource {
  key: String!
  label: String!
}

directive @translate(resourceKeyPrefix: String! toCodeLabelItem: Boolean!) on FIELD_DEFINITION
