schema {
  query: Query
}

interface Translation {
  label: String!
}

type Query {
  bar: TranslatedResourceOfDummyEnum! @translateDummyEnum(resourceKeyPrefix: "translation_path", toCodeLabelItem: true)
  foo: String!
}

type TranslatedResourceOfDummyEnum implements Translation {
  key: DummyEnum!
  label: String!
}

enum DummyEnum {
  QUX
}

directive @translateDummyEnum(resourceKeyPrefix: String! toCodeLabelItem: Boolean!) on FIELD_DEFINITION
