schema {
  query: Query
}

interface ITranslation {
  label: String!
}

type Query {
  bar: TranslatedResourceOfDummyEnum! @translateDummyEnum(resourceKeyPrefix: "translation_path", toCodeLabelItem: true)
  foo: String!
}

type TranslatedResourceOfDummyEnum implements ITranslation {
  key: DummyEnum!
  label: String!
}

enum DummyEnum {
  QUX
}

directive @translate(resourceKeyPrefix: String! toCodeLabelItem: Boolean!) on FIELD_DEFINITION

directive @translateDummyEnum(resourceKeyPrefix: String! toCodeLabelItem: Boolean!) on FIELD_DEFINITION
